// Jest Snapshot v1, https://goo.gl/fbAQLP

exports[`Timer Button Shallow Render should match snapshot 1`] = `ShallowWrapper {}`;
