// Jest Snapshot v1, https://goo.gl/fbAQLP

exports[`Card Component Shallow should match snapshot 1`] = `
"<div className=\\"timer-card-component\\">
  <div />
</div>"
`;
